09:10:40 **** Build of configuration Debug for project PDM_Practica5 ****
make -j8 all 
arm-none-eabi-gcc "../Drivers/STM32F4xx_HAL_Driver/Src/stm32f4xx_hal.c" -mcpu=cortex-m4 -std=gnu11 -g3 -DDEBUG -DUSE_HAL_DRIVER -DSTM32F401xC -c -I../Core/Inc -I../Drivers/STM32F4xx_HAL_Driver/Inc -I../Drivers/STM32F4xx_HAL_Driver/Inc/Legacy -I../Drivers/CMSIS/Device/ST/STM32F4xx/Include -I../Drivers/CMSIS/Include -I"/home/cbiale/Escritorio/UBA/maestria/materias/PMC/correcciones/PDM_Practica5/Drivers/API" -I"/home/cbiale/Escritorio/UBA/maestria/materias/PMC/correcciones/PDM_Practica5/Drivers/API/Inc" -I"/home/cbiale/Escritorio/UBA/maestria/materias/PMC/correcciones/PDM_Practica5/Drivers/API/src" -O0 -ffunction-sections -fdata-sections -Wall -fstack-usage -fcyclomatic-complexity -MMD -MP -MF"Drivers/STM32F4xx_HAL_Driver/Src/stm32f4xx_hal.d" -MT"Drivers/STM32F4xx_HAL_Driver/Src/stm32f4xx_hal.o" --specs=nano.specs -mfpu=fpv4-sp-d16 -mfloat-abi=hard -mthumb -o "Drivers/STM32F4xx_HAL_Driver/Src/stm32f4xx_hal.o"
arm-none-eabi-gcc "../Drivers/STM32F4xx_HAL_Driver/Src/stm32f4xx_hal_cortex.c" -mcpu=cortex-m4 -std=gnu11 -g3 -DDEBUG -DUSE_HAL_DRIVER -DSTM32F401xC -c -I../Core/Inc -I../Drivers/STM32F4xx_HAL_Driver/Inc -I../Drivers/STM32F4xx_HAL_Driver/Inc/Legacy -I../Drivers/CMSIS/Device/ST/STM32F4xx/Include -I../Drivers/CMSIS/Include -I"/home/cbiale/Escritorio/UBA/maestria/materias/PMC/correcciones/PDM_Practica5/Drivers/API" -I"/home/cbiale/Escritorio/UBA/maestria/materias/PMC/correcciones/PDM_Practica5/Drivers/API/Inc" -I"/home/cbiale/Escritorio/UBA/maestria/materias/PMC/correcciones/PDM_Practica5/Drivers/API/src" -O0 -ffunction-sections -fdata-sections -Wall -fstack-usage -fcyclomatic-complexity -MMD -MP -MF"Drivers/STM32F4xx_HAL_Driver/Src/stm32f4xx_hal_cortex.d" -MT"Drivers/STM32F4xx_HAL_Driver/Src/stm32f4xx_hal_cortex.o" --specs=nano.specs -mfpu=fpv4-sp-d16 -mfloat-abi=hard -mthumb -o "Drivers/STM32F4xx_HAL_Driver/Src/stm32f4xx_hal_cortex.o"
arm-none-eabi-gcc "../Drivers/STM32F4xx_HAL_Driver/Src/stm32f4xx_hal_dma.c" -mcpu=cortex-m4 -std=gnu11 -g3 -DDEBUG -DUSE_HAL_DRIVER -DSTM32F401xC -c -I../Core/Inc -I../Drivers/STM32F4xx_HAL_Driver/Inc -I../Drivers/STM32F4xx_HAL_Driver/Inc/Legacy -I../Drivers/CMSIS/Device/ST/STM32F4xx/Include -I../Drivers/CMSIS/Include -I"/home/cbiale/Escritorio/UBA/maestria/materias/PMC/correcciones/PDM_Practica5/Drivers/API" -I"/home/cbiale/Escritorio/UBA/maestria/materias/PMC/correcciones/PDM_Practica5/Drivers/API/Inc" -I"/home/cbiale/Escritorio/UBA/maestria/materias/PMC/correcciones/PDM_Practica5/Drivers/API/src" -O0 -ffunction-sections -fdata-sections -Wall -fstack-usage -fcyclomatic-complexity -MMD -MP -MF"Drivers/STM32F4xx_HAL_Driver/Src/stm32f4xx_hal_dma.d" -MT"Drivers/STM32F4xx_HAL_Driver/Src/stm32f4xx_hal_dma.o" --specs=nano.specs -mfpu=fpv4-sp-d16 -mfloat-abi=hard -mthumb -o "Drivers/STM32F4xx_HAL_Driver/Src/stm32f4xx_hal_dma.o"
arm-none-eabi-gcc "../Drivers/STM32F4xx_HAL_Driver/Src/stm32f4xx_hal_dma_ex.c" -mcpu=cortex-m4 -std=gnu11 -g3 -DDEBUG -DUSE_HAL_DRIVER -DSTM32F401xC -c -I../Core/Inc -I../Drivers/STM32F4xx_HAL_Driver/Inc -I../Drivers/STM32F4xx_HAL_Driver/Inc/Legacy -I../Drivers/CMSIS/Device/ST/STM32F4xx/Include -I../Drivers/CMSIS/Include -I"/home/cbiale/Escritorio/UBA/maestria/materias/PMC/correcciones/PDM_Practica5/Drivers/API" -I"/home/cbiale/Escritorio/UBA/maestria/materias/PMC/correcciones/PDM_Practica5/Drivers/API/Inc" -I"/home/cbiale/Escritorio/UBA/maestria/materias/PMC/correcciones/PDM_Practica5/Drivers/API/src" -O0 -ffunction-sections -fdata-sections -Wall -fstack-usage -fcyclomatic-complexity -MMD -MP -MF"Drivers/STM32F4xx_HAL_Driver/Src/stm32f4xx_hal_dma_ex.d" -MT"Drivers/STM32F4xx_HAL_Driver/Src/stm32f4xx_hal_dma_ex.o" --specs=nano.specs -mfpu=fpv4-sp-d16 -mfloat-abi=hard -mthumb -o "Drivers/STM32F4xx_HAL_Driver/Src/stm32f4xx_hal_dma_ex.o"
arm-none-eabi-gcc "../Drivers/STM32F4xx_HAL_Driver/Src/stm32f4xx_hal_exti.c" -mcpu=cortex-m4 -std=gnu11 -g3 -DDEBUG -DUSE_HAL_DRIVER -DSTM32F401xC -c -I../Core/Inc -I../Drivers/STM32F4xx_HAL_Driver/Inc -I../Drivers/STM32F4xx_HAL_Driver/Inc/Legacy -I../Drivers/CMSIS/Device/ST/STM32F4xx/Include -I../Drivers/CMSIS/Include -I"/home/cbiale/Escritorio/UBA/maestria/materias/PMC/correcciones/PDM_Practica5/Drivers/API" -I"/home/cbiale/Escritorio/UBA/maestria/materias/PMC/correcciones/PDM_Practica5/Drivers/API/Inc" -I"/home/cbiale/Escritorio/UBA/maestria/materias/PMC/correcciones/PDM_Practica5/Drivers/API/src" -O0 -ffunction-sections -fdata-sections -Wall -fstack-usage -fcyclomatic-complexity -MMD -MP -MF"Drivers/STM32F4xx_HAL_Driver/Src/stm32f4xx_hal_exti.d" -MT"Drivers/STM32F4xx_HAL_Driver/Src/stm32f4xx_hal_exti.o" --specs=nano.specs -mfpu=fpv4-sp-d16 -mfloat-abi=hard -mthumb -o "Drivers/STM32F4xx_HAL_Driver/Src/stm32f4xx_hal_exti.o"
arm-none-eabi-gcc "../Drivers/STM32F4xx_HAL_Driver/Src/stm32f4xx_hal_flash.c" -mcpu=cortex-m4 -std=gnu11 -g3 -DDEBUG -DUSE_HAL_DRIVER -DSTM32F401xC -c -I../Core/Inc -I../Drivers/STM32F4xx_HAL_Driver/Inc -I../Drivers/STM32F4xx_HAL_Driver/Inc/Legacy -I../Drivers/CMSIS/Device/ST/STM32F4xx/Include -I../Drivers/CMSIS/Include -I"/home/cbiale/Escritorio/UBA/maestria/materias/PMC/correcciones/PDM_Practica5/Drivers/API" -I"/home/cbiale/Escritorio/UBA/maestria/materias/PMC/correcciones/PDM_Practica5/Drivers/API/Inc" -I"/home/cbiale/Escritorio/UBA/maestria/materias/PMC/correcciones/PDM_Practica5/Drivers/API/src" -O0 -ffunction-sections -fdata-sections -Wall -fstack-usage -fcyclomatic-complexity -MMD -MP -MF"Drivers/STM32F4xx_HAL_Driver/Src/stm32f4xx_hal_flash.d" -MT"Drivers/STM32F4xx_HAL_Driver/Src/stm32f4xx_hal_flash.o" --specs=nano.specs -mfpu=fpv4-sp-d16 -mfloat-abi=hard -mthumb -o "Drivers/STM32F4xx_HAL_Driver/Src/stm32f4xx_hal_flash.o"
arm-none-eabi-gcc "../Drivers/STM32F4xx_HAL_Driver/Src/stm32f4xx_hal_flash_ex.c" -mcpu=cortex-m4 -std=gnu11 -g3 -DDEBUG -DUSE_HAL_DRIVER -DSTM32F401xC -c -I../Core/Inc -I../Drivers/STM32F4xx_HAL_Driver/Inc -I../Drivers/STM32F4xx_HAL_Driver/Inc/Legacy -I../Drivers/CMSIS/Device/ST/STM32F4xx/Include -I../Drivers/CMSIS/Include -I"/home/cbiale/Escritorio/UBA/maestria/materias/PMC/correcciones/PDM_Practica5/Drivers/API" -I"/home/cbiale/Escritorio/UBA/maestria/materias/PMC/correcciones/PDM_Practica5/Drivers/API/Inc" -I"/home/cbiale/Escritorio/UBA/maestria/materias/PMC/correcciones/PDM_Practica5/Drivers/API/src" -O0 -ffunction-sections -fdata-sections -Wall -fstack-usage -fcyclomatic-complexity -MMD -MP -MF"Drivers/STM32F4xx_HAL_Driver/Src/stm32f4xx_hal_flash_ex.d" -MT"Drivers/STM32F4xx_HAL_Driver/Src/stm32f4xx_hal_flash_ex.o" --specs=nano.specs -mfpu=fpv4-sp-d16 -mfloat-abi=hard -mthumb -o "Drivers/STM32F4xx_HAL_Driver/Src/stm32f4xx_hal_flash_ex.o"
arm-none-eabi-gcc "../Drivers/STM32F4xx_HAL_Driver/Src/stm32f4xx_hal_flash_ramfunc.c" -mcpu=cortex-m4 -std=gnu11 -g3 -DDEBUG -DUSE_HAL_DRIVER -DSTM32F401xC -c -I../Core/Inc -I../Drivers/STM32F4xx_HAL_Driver/Inc -I../Drivers/STM32F4xx_HAL_Driver/Inc/Legacy -I../Drivers/CMSIS/Device/ST/STM32F4xx/Include -I../Drivers/CMSIS/Include -I"/home/cbiale/Escritorio/UBA/maestria/materias/PMC/correcciones/PDM_Practica5/Drivers/API" -I"/home/cbiale/Escritorio/UBA/maestria/materias/PMC/correcciones/PDM_Practica5/Drivers/API/Inc" -I"/home/cbiale/Escritorio/UBA/maestria/materias/PMC/correcciones/PDM_Practica5/Drivers/API/src" -O0 -ffunction-sections -fdata-sections -Wall -fstack-usage -fcyclomatic-complexity -MMD -MP -MF"Drivers/STM32F4xx_HAL_Driver/Src/stm32f4xx_hal_flash_ramfunc.d" -MT"Drivers/STM32F4xx_HAL_Driver/Src/stm32f4xx_hal_flash_ramfunc.o" --specs=nano.specs -mfpu=fpv4-sp-d16 -mfloat-abi=hard -mthumb -o "Drivers/STM32F4xx_HAL_Driver/Src/stm32f4xx_hal_flash_ramfunc.o"
arm-none-eabi-gcc "../Drivers/STM32F4xx_HAL_Driver/Src/stm32f4xx_hal_gpio.c" -mcpu=cortex-m4 -std=gnu11 -g3 -DDEBUG -DUSE_HAL_DRIVER -DSTM32F401xC -c -I../Core/Inc -I../Drivers/STM32F4xx_HAL_Driver/Inc -I../Drivers/STM32F4xx_HAL_Driver/Inc/Legacy -I../Drivers/CMSIS/Device/ST/STM32F4xx/Include -I../Drivers/CMSIS/Include -I"/home/cbiale/Escritorio/UBA/maestria/materias/PMC/correcciones/PDM_Practica5/Drivers/API" -I"/home/cbiale/Escritorio/UBA/maestria/materias/PMC/correcciones/PDM_Practica5/Drivers/API/Inc" -I"/home/cbiale/Escritorio/UBA/maestria/materias/PMC/correcciones/PDM_Practica5/Drivers/API/src" -O0 -ffunction-sections -fdata-sections -Wall -fstack-usage -fcyclomatic-complexity -MMD -MP -MF"Drivers/STM32F4xx_HAL_Driver/Src/stm32f4xx_hal_gpio.d" -MT"Drivers/STM32F4xx_HAL_Driver/Src/stm32f4xx_hal_gpio.o" --specs=nano.specs -mfpu=fpv4-sp-d16 -mfloat-abi=hard -mthumb -o "Drivers/STM32F4xx_HAL_Driver/Src/stm32f4xx_hal_gpio.o"
arm-none-eabi-gcc "../Drivers/STM32F4xx_HAL_Driver/Src/stm32f4xx_hal_pwr.c" -mcpu=cortex-m4 -std=gnu11 -g3 -DDEBUG -DUSE_HAL_DRIVER -DSTM32F401xC -c -I../Core/Inc -I../Drivers/STM32F4xx_HAL_Driver/Inc -I../Drivers/STM32F4xx_HAL_Driver/Inc/Legacy -I../Drivers/CMSIS/Device/ST/STM32F4xx/Include -I../Drivers/CMSIS/Include -I"/home/cbiale/Escritorio/UBA/maestria/materias/PMC/correcciones/PDM_Practica5/Drivers/API" -I"/home/cbiale/Escritorio/UBA/maestria/materias/PMC/correcciones/PDM_Practica5/Drivers/API/Inc" -I"/home/cbiale/Escritorio/UBA/maestria/materias/PMC/correcciones/PDM_Practica5/Drivers/API/src" -O0 -ffunction-sections -fdata-sections -Wall -fstack-usage -fcyclomatic-complexity -MMD -MP -MF"Drivers/STM32F4xx_HAL_Driver/Src/stm32f4xx_hal_pwr.d" -MT"Drivers/STM32F4xx_HAL_Driver/Src/stm32f4xx_hal_pwr.o" --specs=nano.specs -mfpu=fpv4-sp-d16 -mfloat-abi=hard -mthumb -o "Drivers/STM32F4xx_HAL_Driver/Src/stm32f4xx_hal_pwr.o"
arm-none-eabi-gcc "../Drivers/STM32F4xx_HAL_Driver/Src/stm32f4xx_hal_pwr_ex.c" -mcpu=cortex-m4 -std=gnu11 -g3 -DDEBUG -DUSE_HAL_DRIVER -DSTM32F401xC -c -I../Core/Inc -I../Drivers/STM32F4xx_HAL_Driver/Inc -I../Drivers/STM32F4xx_HAL_Driver/Inc/Legacy -I../Drivers/CMSIS/Device/ST/STM32F4xx/Include -I../Drivers/CMSIS/Include -I"/home/cbiale/Escritorio/UBA/maestria/materias/PMC/correcciones/PDM_Practica5/Drivers/API" -I"/home/cbiale/Escritorio/UBA/maestria/materias/PMC/correcciones/PDM_Practica5/Drivers/API/Inc" -I"/home/cbiale/Escritorio/UBA/maestria/materias/PMC/correcciones/PDM_Practica5/Drivers/API/src" -O0 -ffunction-sections -fdata-sections -Wall -fstack-usage -fcyclomatic-complexity -MMD -MP -MF"Drivers/STM32F4xx_HAL_Driver/Src/stm32f4xx_hal_pwr_ex.d" -MT"Drivers/STM32F4xx_HAL_Driver/Src/stm32f4xx_hal_pwr_ex.o" --specs=nano.specs -mfpu=fpv4-sp-d16 -mfloat-abi=hard -mthumb -o "Drivers/STM32F4xx_HAL_Driver/Src/stm32f4xx_hal_pwr_ex.o"
arm-none-eabi-gcc "../Drivers/STM32F4xx_HAL_Driver/Src/stm32f4xx_hal_rcc.c" -mcpu=cortex-m4 -std=gnu11 -g3 -DDEBUG -DUSE_HAL_DRIVER -DSTM32F401xC -c -I../Core/Inc -I../Drivers/STM32F4xx_HAL_Driver/Inc -I../Drivers/STM32F4xx_HAL_Driver/Inc/Legacy -I../Drivers/CMSIS/Device/ST/STM32F4xx/Include -I../Drivers/CMSIS/Include -I"/home/cbiale/Escritorio/UBA/maestria/materias/PMC/correcciones/PDM_Practica5/Drivers/API" -I"/home/cbiale/Escritorio/UBA/maestria/materias/PMC/correcciones/PDM_Practica5/Drivers/API/Inc" -I"/home/cbiale/Escritorio/UBA/maestria/materias/PMC/correcciones/PDM_Practica5/Drivers/API/src" -O0 -ffunction-sections -fdata-sections -Wall -fstack-usage -fcyclomatic-complexity -MMD -MP -MF"Drivers/STM32F4xx_HAL_Driver/Src/stm32f4xx_hal_rcc.d" -MT"Drivers/STM32F4xx_HAL_Driver/Src/stm32f4xx_hal_rcc.o" --specs=nano.specs -mfpu=fpv4-sp-d16 -mfloat-abi=hard -mthumb -o "Drivers/STM32F4xx_HAL_Driver/Src/stm32f4xx_hal_rcc.o"
arm-none-eabi-gcc "../Drivers/STM32F4xx_HAL_Driver/Src/stm32f4xx_hal_rcc_ex.c" -mcpu=cortex-m4 -std=gnu11 -g3 -DDEBUG -DUSE_HAL_DRIVER -DSTM32F401xC -c -I../Core/Inc -I../Drivers/STM32F4xx_HAL_Driver/Inc -I../Drivers/STM32F4xx_HAL_Driver/Inc/Legacy -I../Drivers/CMSIS/Device/ST/STM32F4xx/Include -I../Drivers/CMSIS/Include -I"/home/cbiale/Escritorio/UBA/maestria/materias/PMC/correcciones/PDM_Practica5/Drivers/API" -I"/home/cbiale/Escritorio/UBA/maestria/materias/PMC/correcciones/PDM_Practica5/Drivers/API/Inc" -I"/home/cbiale/Escritorio/UBA/maestria/materias/PMC/correcciones/PDM_Practica5/Drivers/API/src" -O0 -ffunction-sections -fdata-sections -Wall -fstack-usage -fcyclomatic-complexity -MMD -MP -MF"Drivers/STM32F4xx_HAL_Driver/Src/stm32f4xx_hal_rcc_ex.d" -MT"Drivers/STM32F4xx_HAL_Driver/Src/stm32f4xx_hal_rcc_ex.o" --specs=nano.specs -mfpu=fpv4-sp-d16 -mfloat-abi=hard -mthumb -o "Drivers/STM32F4xx_HAL_Driver/Src/stm32f4xx_hal_rcc_ex.o"
arm-none-eabi-gcc "../Drivers/STM32F4xx_HAL_Driver/Src/stm32f4xx_hal_uart.c" -mcpu=cortex-m4 -std=gnu11 -g3 -DDEBUG -DUSE_HAL_DRIVER -DSTM32F401xC -c -I../Core/Inc -I../Drivers/STM32F4xx_HAL_Driver/Inc -I../Drivers/STM32F4xx_HAL_Driver/Inc/Legacy -I../Drivers/CMSIS/Device/ST/STM32F4xx/Include -I../Drivers/CMSIS/Include -I"/home/cbiale/Escritorio/UBA/maestria/materias/PMC/correcciones/PDM_Practica5/Drivers/API" -I"/home/cbiale/Escritorio/UBA/maestria/materias/PMC/correcciones/PDM_Practica5/Drivers/API/Inc" -I"/home/cbiale/Escritorio/UBA/maestria/materias/PMC/correcciones/PDM_Practica5/Drivers/API/src" -O0 -ffunction-sections -fdata-sections -Wall -fstack-usage -fcyclomatic-complexity -MMD -MP -MF"Drivers/STM32F4xx_HAL_Driver/Src/stm32f4xx_hal_uart.d" -MT"Drivers/STM32F4xx_HAL_Driver/Src/stm32f4xx_hal_uart.o" --specs=nano.specs -mfpu=fpv4-sp-d16 -mfloat-abi=hard -mthumb -o "Drivers/STM32F4xx_HAL_Driver/Src/stm32f4xx_hal_uart.o"
arm-none-eabi-gcc "../Drivers/API/src/API_debounce.c" -mcpu=cortex-m4 -std=gnu11 -g3 -DDEBUG -DUSE_HAL_DRIVER -DSTM32F401xC -c -I../Core/Inc -I../Drivers/STM32F4xx_HAL_Driver/Inc -I../Drivers/STM32F4xx_HAL_Driver/Inc/Legacy -I../Drivers/CMSIS/Device/ST/STM32F4xx/Include -I../Drivers/CMSIS/Include -I"/home/cbiale/Escritorio/UBA/maestria/materias/PMC/correcciones/PDM_Practica5/Drivers/API" -I"/home/cbiale/Escritorio/UBA/maestria/materias/PMC/correcciones/PDM_Practica5/Drivers/API/Inc" -I"/home/cbiale/Escritorio/UBA/maestria/materias/PMC/correcciones/PDM_Practica5/Drivers/API/src" -O0 -ffunction-sections -fdata-sections -Wall -fstack-usage -fcyclomatic-complexity -MMD -MP -MF"Drivers/API/src/API_debounce.d" -MT"Drivers/API/src/API_debounce.o" --specs=nano.specs -mfpu=fpv4-sp-d16 -mfloat-abi=hard -mthumb -o "Drivers/API/src/API_debounce.o"
arm-none-eabi-gcc "../Drivers/API/src/API_delay.c" -mcpu=cortex-m4 -std=gnu11 -g3 -DDEBUG -DUSE_HAL_DRIVER -DSTM32F401xC -c -I../Core/Inc -I../Drivers/STM32F4xx_HAL_Driver/Inc -I../Drivers/STM32F4xx_HAL_Driver/Inc/Legacy -I../Drivers/CMSIS/Device/ST/STM32F4xx/Include -I../Drivers/CMSIS/Include -I"/home/cbiale/Escritorio/UBA/maestria/materias/PMC/correcciones/PDM_Practica5/Drivers/API" -I"/home/cbiale/Escritorio/UBA/maestria/materias/PMC/correcciones/PDM_Practica5/Drivers/API/Inc" -I"/home/cbiale/Escritorio/UBA/maestria/materias/PMC/correcciones/PDM_Practica5/Drivers/API/src" -O0 -ffunction-sections -fdata-sections -Wall -fstack-usage -fcyclomatic-complexity -MMD -MP -MF"Drivers/API/src/API_delay.d" -MT"Drivers/API/src/API_delay.o" --specs=nano.specs -mfpu=fpv4-sp-d16 -mfloat-abi=hard -mthumb -o "Drivers/API/src/API_delay.o"
arm-none-eabi-gcc "../Drivers/API/src/API_uart.c" -mcpu=cortex-m4 -std=gnu11 -g3 -DDEBUG -DUSE_HAL_DRIVER -DSTM32F401xC -c -I../Core/Inc -I../Drivers/STM32F4xx_HAL_Driver/Inc -I../Drivers/STM32F4xx_HAL_Driver/Inc/Legacy -I../Drivers/CMSIS/Device/ST/STM32F4xx/Include -I../Drivers/CMSIS/Include -I"/home/cbiale/Escritorio/UBA/maestria/materias/PMC/correcciones/PDM_Practica5/Drivers/API" -I"/home/cbiale/Escritorio/UBA/maestria/materias/PMC/correcciones/PDM_Practica5/Drivers/API/Inc" -I"/home/cbiale/Escritorio/UBA/maestria/materias/PMC/correcciones/PDM_Practica5/Drivers/API/src" -O0 -ffunction-sections -fdata-sections -Wall -fstack-usage -fcyclomatic-complexity -MMD -MP -MF"Drivers/API/src/API_uart.d" -MT"Drivers/API/src/API_uart.o" --specs=nano.specs -mfpu=fpv4-sp-d16 -mfloat-abi=hard -mthumb -o "Drivers/API/src/API_uart.o"
arm-none-eabi-gcc -mcpu=cortex-m4 -g3 -DDEBUG -c -I"/home/cbiale/Escritorio/UBA/maestria/materias/PMC/correcciones/PDM_Practica5/Drivers/API" -I"/home/cbiale/Escritorio/UBA/maestria/materias/PMC/correcciones/PDM_Practica5/Drivers/API/Inc" -I"/home/cbiale/Escritorio/UBA/maestria/materias/PMC/correcciones/PDM_Practica5/Drivers/API/src" -x assembler-with-cpp -MMD -MP -MF"Core/Startup/startup_stm32f401rctx.d" -MT"Core/Startup/startup_stm32f401rctx.o" --specs=nano.specs -mfpu=fpv4-sp-d16 -mfloat-abi=hard -mthumb -o "Core/Startup/startup_stm32f401rctx.o" "../Core/Startup/startup_stm32f401rctx.s"
arm-none-eabi-gcc "../Core/Src/main.c" -mcpu=cortex-m4 -std=gnu11 -g3 -DDEBUG -DUSE_HAL_DRIVER -DSTM32F401xC -c -I../Core/Inc -I../Drivers/STM32F4xx_HAL_Driver/Inc -I../Drivers/STM32F4xx_HAL_Driver/Inc/Legacy -I../Drivers/CMSIS/Device/ST/STM32F4xx/Include -I../Drivers/CMSIS/Include -I"/home/cbiale/Escritorio/UBA/maestria/materias/PMC/correcciones/PDM_Practica5/Drivers/API" -I"/home/cbiale/Escritorio/UBA/maestria/materias/PMC/correcciones/PDM_Practica5/Drivers/API/Inc" -I"/home/cbiale/Escritorio/UBA/maestria/materias/PMC/correcciones/PDM_Practica5/Drivers/API/src" -O0 -ffunction-sections -fdata-sections -Wall -fstack-usage -fcyclomatic-complexity -MMD -MP -MF"Core/Src/main.d" -MT"Core/Src/main.o" --specs=nano.specs -mfpu=fpv4-sp-d16 -mfloat-abi=hard -mthumb -o "Core/Src/main.o"
arm-none-eabi-gcc "../Core/Src/stm32f4xx_hal_msp.c" -mcpu=cortex-m4 -std=gnu11 -g3 -DDEBUG -DUSE_HAL_DRIVER -DSTM32F401xC -c -I../Core/Inc -I../Drivers/STM32F4xx_HAL_Driver/Inc -I../Drivers/STM32F4xx_HAL_Driver/Inc/Legacy -I../Drivers/CMSIS/Device/ST/STM32F4xx/Include -I../Drivers/CMSIS/Include -I"/home/cbiale/Escritorio/UBA/maestria/materias/PMC/correcciones/PDM_Practica5/Drivers/API" -I"/home/cbiale/Escritorio/UBA/maestria/materias/PMC/correcciones/PDM_Practica5/Drivers/API/Inc" -I"/home/cbiale/Escritorio/UBA/maestria/materias/PMC/correcciones/PDM_Practica5/Drivers/API/src" -O0 -ffunction-sections -fdata-sections -Wall -fstack-usage -fcyclomatic-complexity -MMD -MP -MF"Core/Src/stm32f4xx_hal_msp.d" -MT"Core/Src/stm32f4xx_hal_msp.o" --specs=nano.specs -mfpu=fpv4-sp-d16 -mfloat-abi=hard -mthumb -o "Core/Src/stm32f4xx_hal_msp.o"
arm-none-eabi-gcc "../Core/Src/stm32f4xx_it.c" -mcpu=cortex-m4 -std=gnu11 -g3 -DDEBUG -DUSE_HAL_DRIVER -DSTM32F401xC -c -I../Core/Inc -I../Drivers/STM32F4xx_HAL_Driver/Inc -I../Drivers/STM32F4xx_HAL_Driver/Inc/Legacy -I../Drivers/CMSIS/Device/ST/STM32F4xx/Include -I../Drivers/CMSIS/Include -I"/home/cbiale/Escritorio/UBA/maestria/materias/PMC/correcciones/PDM_Practica5/Drivers/API" -I"/home/cbiale/Escritorio/UBA/maestria/materias/PMC/correcciones/PDM_Practica5/Drivers/API/Inc" -I"/home/cbiale/Escritorio/UBA/maestria/materias/PMC/correcciones/PDM_Practica5/Drivers/API/src" -O0 -ffunction-sections -fdata-sections -Wall -fstack-usage -fcyclomatic-complexity -MMD -MP -MF"Core/Src/stm32f4xx_it.d" -MT"Core/Src/stm32f4xx_it.o" --specs=nano.specs -mfpu=fpv4-sp-d16 -mfloat-abi=hard -mthumb -o "Core/Src/stm32f4xx_it.o"
arm-none-eabi-gcc "../Core/Src/syscalls.c" -mcpu=cortex-m4 -std=gnu11 -g3 -DDEBUG -DUSE_HAL_DRIVER -DSTM32F401xC -c -I../Core/Inc -I../Drivers/STM32F4xx_HAL_Driver/Inc -I../Drivers/STM32F4xx_HAL_Driver/Inc/Legacy -I../Drivers/CMSIS/Device/ST/STM32F4xx/Include -I../Drivers/CMSIS/Include -I"/home/cbiale/Escritorio/UBA/maestria/materias/PMC/correcciones/PDM_Practica5/Drivers/API" -I"/home/cbiale/Escritorio/UBA/maestria/materias/PMC/correcciones/PDM_Practica5/Drivers/API/Inc" -I"/home/cbiale/Escritorio/UBA/maestria/materias/PMC/correcciones/PDM_Practica5/Drivers/API/src" -O0 -ffunction-sections -fdata-sections -Wall -fstack-usage -fcyclomatic-complexity -MMD -MP -MF"Core/Src/syscalls.d" -MT"Core/Src/syscalls.o" --specs=nano.specs -mfpu=fpv4-sp-d16 -mfloat-abi=hard -mthumb -o "Core/Src/syscalls.o"
arm-none-eabi-gcc "../Core/Src/sysmem.c" -mcpu=cortex-m4 -std=gnu11 -g3 -DDEBUG -DUSE_HAL_DRIVER -DSTM32F401xC -c -I../Core/Inc -I../Drivers/STM32F4xx_HAL_Driver/Inc -I../Drivers/STM32F4xx_HAL_Driver/Inc/Legacy -I../Drivers/CMSIS/Device/ST/STM32F4xx/Include -I../Drivers/CMSIS/Include -I"/home/cbiale/Escritorio/UBA/maestria/materias/PMC/correcciones/PDM_Practica5/Drivers/API" -I"/home/cbiale/Escritorio/UBA/maestria/materias/PMC/correcciones/PDM_Practica5/Drivers/API/Inc" -I"/home/cbiale/Escritorio/UBA/maestria/materias/PMC/correcciones/PDM_Practica5/Drivers/API/src" -O0 -ffunction-sections -fdata-sections -Wall -fstack-usage -fcyclomatic-complexity -MMD -MP -MF"Core/Src/sysmem.d" -MT"Core/Src/sysmem.o" --specs=nano.specs -mfpu=fpv4-sp-d16 -mfloat-abi=hard -mthumb -o "Core/Src/sysmem.o"
../Core/Src/main.c: In function 'main':
../Core/Src/main.c:101:3: warning: implicit declaration of function 'uartInit' [-Wimplicit-function-declaration]
  101 |   uartInit(9600);
      |   ^~~~~~~~
arm-none-eabi-gcc "../Core/Src/system_stm32f4xx.c" -mcpu=cortex-m4 -std=gnu11 -g3 -DDEBUG -DUSE_HAL_DRIVER -DSTM32F401xC -c -I../Core/Inc -I../Drivers/STM32F4xx_HAL_Driver/Inc -I../Drivers/STM32F4xx_HAL_Driver/Inc/Legacy -I../Drivers/CMSIS/Device/ST/STM32F4xx/Include -I../Drivers/CMSIS/Include -I"/home/cbiale/Escritorio/UBA/maestria/materias/PMC/correcciones/PDM_Practica5/Drivers/API" -I"/home/cbiale/Escritorio/UBA/maestria/materias/PMC/correcciones/PDM_Practica5/Drivers/API/Inc" -I"/home/cbiale/Escritorio/UBA/maestria/materias/PMC/correcciones/PDM_Practica5/Drivers/API/src" -O0 -ffunction-sections -fdata-sections -Wall -fstack-usage -fcyclomatic-complexity -MMD -MP -MF"Core/Src/system_stm32f4xx.d" -MT"Core/Src/system_stm32f4xx.o" --specs=nano.specs -mfpu=fpv4-sp-d16 -mfloat-abi=hard -mthumb -o "Core/Src/system_stm32f4xx.o"
../Core/Src/main.c:123:11: warning: implicit declaration of function 'uartSendString' [-Wimplicit-function-declaration]
  123 |           uartSendString("Des");
      |           ^~~~~~~~~~~~~~
../Core/Src/main.c:130:32: warning: passing argument 2 of 'rutinaLed' from incompatible pointer type [-Wincompatible-pointer-types]
  130 |           rutinaLed(&delay_led,&duration,&botonDes);
      |                                ^~~~~~~~~
      |                                |
      |                                tick_t (*)[2] {aka long unsigned int (*)[2]}
../Core/Src/main.c:59:38: note: expected 'tick_t *' {aka 'long unsigned int *'} but argument is of type 'tick_t (*)[2]' {aka 'long unsigned int (*)[2]'}
   59 | void rutinaLed(delay_t *delay,tick_t*duration,bool_t* pulsador)
      |                               ~~~~~~~^~~~~~~~
arm-none-eabi-gcc -o "PDM_Practica5.elf" @"objects.list"   -mcpu=cortex-m4 -T"/home/cbiale/Escritorio/UBA/maestria/materias/PMC/correcciones/PDM_Practica5/STM32F401RCTX_FLASH.ld" --specs=nosys.specs -Wl,-Map="PDM_Practica5.map" -Wl,--gc-sections -static --specs=nano.specs -mfpu=fpv4-sp-d16 -mfloat-abi=hard -mthumb -Wl,--start-group -lc -lm -Wl,--end-group
Finished building target: PDM_Practica5.elf
 
arm-none-eabi-size   PDM_Practica5.elf 
arm-none-eabi-objdump -h -S  PDM_Practica5.elf  > "PDM_Practica5.list"
   text	   data	    bss	    dec	    hex	filename
  13596	    112	   2064	  15772	   3d9c	PDM_Practica5.elf
Finished building: default.size.stdout
 
Finished building: PDM_Practica5.list
 

09:10:42 Build Finished. 0 errors, 3 warnings. (took 2s.250ms)

